// Vitest Snapshot v1, https://vitest.dev/guide/snapshot.html

exports[`server > Declarative API > renders meta tags as React components 1`] = `"<meta charSet="utf-8" data-rh="true"/><meta property="og:type" content="article" data-rh="true"/><meta name="description" content="Test description &amp; encoding of special characters like &#x27; &quot; &gt; &lt; \`" data-rh="true"/><meta http-equiv="content-type" content="text/html" data-rh="true"/><meta itemProp="name" content="Test name itemprop" data-rh="true"/>"`;

exports[`server > Declarative API > renders meta tags as string 1`] = `"<meta charSet="utf-8" data-rh="true"/><meta property="og:type" content="article" data-rh="true"/><meta name="description" content="Test description &amp; encoding of special characters like &#x27; &quot; &gt; &lt; \`" data-rh="true"/><meta http-equiv="content-type" content="text/html" data-rh="true"/><meta itemProp="name" content="Test name itemprop" data-rh="true"/>"`;
